// Jest Snapshot v1, https://goo.gl/fbAQLP

exports[`🧪 Button snapshot test 快照匹配 1`] = `"<button type=\\"button\\" class=\\"ant-btn\\"></button>"`;
