// Jest Snapshot v1, https://goo.gl/fbAQLP

exports[`ðŸ§ª Modal snapshot test snapshot comparing 1`] = `""`;
