// Jest Snapshot v1, https://goo.gl/fbAQLP

exports[`ðŸ§ª Row snapshot test snapshot comparing 1`] = `"<div class=\\"ant-row\\"></div>"`;
