// Jest Snapshot v1, https://goo.gl/fbAQLP

exports[`🧪 Form snapshot test 快照匹配 1`] = `"<div class=\\"ant-image\\"><img class=\\"ant-image-img\\"></div>"`;
