// Jest Snapshot v1, https://goo.gl/fbAQLP

exports[`ðŸ§ª Breadcrumb snapshot test snapshot comparing 1`] = `"<div class=\\"ant-breadcrumb\\"></div>"`;
