// Jest Snapshot v1, https://goo.gl/fbAQLP

exports[`ðŸ§ª Statistic snapshot test snapshot comparing 1`] = `"<div class=\\"ant-statistic\\"><div class=\\"ant-statistic-content\\"><span class=\\"ant-statistic-content-value\\"><span class=\\"ant-statistic-content-value-int\\">0</span></span></div></div>"`;
