// Jest Snapshot v1, https://goo.gl/fbAQLP

exports[`ðŸ§ª Affix snapshot test snapshot comparing 1`] = `"<div><div class><button type=\\"button\\" class=\\"ant-btn ant-btn-primary\\"><span>&#x6D4B; &#x8BD5;</span></button></div></div>"`;
