// Jest Snapshot v1, https://goo.gl/fbAQLP

exports[`🧪 Tooltip snapshot test 快照匹配 1`] = `"<span></span>"`;
