// Jest Snapshot v1, https://goo.gl/fbAQLP

exports[`🧪 Row snapshot test 快照匹配 1`] = `"<div class=\\"ant-row\\"></div>"`;
