// Jest Snapshot v1, https://goo.gl/fbAQLP

exports[`ðŸ§ª Col snapshot test snapshot comparing 1`] = `"<div class=\\"ant-collapse ant-collapse-icon-position-left\\"></div>"`;
