// Jest Snapshot v1, https://goo.gl/fbAQLP

exports[`🧪 Card snapshot test 快照匹配 1`] = `"<div class=\\"ant-card ant-card-bordered\\"><div class=\\"ant-card-body\\"></div></div>"`;
