// Jest Snapshot v1, https://goo.gl/fbAQLP

exports[`ðŸ§ª Input snapshot test snapshot comparing 1`] = `"<input type=\\"text\\" class=\\"ant-input\\" value>"`;
