// Jest Snapshot v1, https://goo.gl/fbAQLP

exports[`🧪 Divider snapshot test 快照匹配 1`] = `"<div class=\\"ant-divider ant-divider-horizontal\\" role=\\"separator\\"></div>"`;
