// Jest Snapshot v1, https://goo.gl/fbAQLP

exports[`ðŸ§ª Typography snapshot test snapshot comparing 1`] = `"<article class=\\"ant-typography\\"><h1 class=\\"ant-typography\\">Introduction</h1><div class=\\"ant-typography\\">In the process of internal desktop applications development, many different design specs and implementations would be involved, which might cause designers and developers difficulties and duplication and reduce the efficiency of development.</div><span class=\\"ant-typography\\"><strong>uniform the user interface specs for internal background projects, lower the unnecessary cost of design differences and implementation and liberate the resources of design and front-end development</strong></span>.</article>"`;
