// Jest Snapshot v1, https://goo.gl/fbAQLP

exports[`🧪 Pagination snapshot test 快照匹配 1`] = `"<span></span>"`;
