// Jest Snapshot v1, https://goo.gl/fbAQLP

exports[`ðŸ§ª Tag snapshot test snapshot comparing 1`] = `"<span class=\\"ant-tag\\"></span>"`;
