// Jest Snapshot v1, https://goo.gl/fbAQLP

exports[`ðŸ§ª Checkbox snapshot test snapshot comparing 1`] = `"<label class=\\"ant-checkbox-wrapper\\"><span class=\\"ant-checkbox\\"><input type=\\"checkbox\\" class=\\"ant-checkbox-input\\" value><span class=\\"ant-checkbox-inner\\"></span></span></label>"`;
