// Jest Snapshot v1, https://goo.gl/fbAQLP

exports[`ðŸ§ª BackTop snapshot test snapshot comparing 1`] = `"<div class=\\"ant-back-top\\"></div>"`;
