// Jest Snapshot v1, https://goo.gl/fbAQLP

exports[`ðŸ§ª Dropdown snapshot test snapshot comparing 1`] = `"<a class=\\"ant-dropdown-trigger ant-dropdown-link\\">Hover me</a>"`;
