// Jest Snapshot v1, https://goo.gl/fbAQLP

exports[`🧪 Affix snapshot test 快照匹配 1`] = `"<div><div class><button type=\\"button\\" class=\\"ant-btn ant-btn-primary\\"><span>&#x6D4B; &#x8BD5;</span></button></div></div>"`;
