// Jest Snapshot v1, https://goo.gl/fbAQLP

exports[`ðŸ“¦  Upload snapshot test snapshot comparing 1`] = `"<span class><div class=\\"ant-upload ant-upload-select ant-upload-select-text\\" style=\\"display: none;\\"><span tabindex=\\"0\\" class=\\"ant-upload\\" role=\\"button\\"><input type=\\"file\\" style=\\"display: none;\\" accept></span></div><div class=\\"ant-upload-list ant-upload-list-text\\"></div></span>"`;
