// Jest Snapshot v1, https://goo.gl/fbAQLP

exports[`ðŸ§ª PageHeader snapshot test snapshot comparing 1`] = `"<div class=\\"ant-page-header ant-page-header-ghost\\"></div>"`;
