// Jest Snapshot v1, https://goo.gl/fbAQLP

exports[`🧪 Steps snapshot test 快照匹配 1`] = `"<div class=\\"ant-steps ant-steps-horizontal ant-steps-label-horizontal\\"></div>"`;
