// Jest Snapshot v1, https://goo.gl/fbAQLP

exports[`🧪 Modal snapshot test 快照匹配 1`] = `""`;
