// Jest Snapshot v1, https://goo.gl/fbAQLP

exports[`🧪 List snapshot test 快照匹配 1`] = `"<section class=\\"ant-layout\\"></section>"`;
