// Jest Snapshot v1, https://goo.gl/fbAQLP

exports[`🧪 Badge snapshot test 快照匹配 1`] = `"<span class=\\"ant-badge ant-badge-not-a-wrapper\\"></span>"`;
