// Jest Snapshot v1, https://goo.gl/fbAQLP

exports[`ðŸ§ª Menu snapshot test snapshot comparing 1`] = `"<ul class=\\"ant-menu ant-menu-light ant-menu-root ant-menu-vertical\\" role=\\"menu\\"></ul>"`;
