// Jest Snapshot v1, https://goo.gl/fbAQLP

exports[`ðŸ§ª Divider snapshot test snapshot comparing 1`] = `"<div class=\\"ant-divider ant-divider-horizontal\\" role=\\"separator\\"></div>"`;
