// Jest Snapshot v1, https://goo.gl/fbAQLP

exports[`🧪 BackTop snapshot test 快照匹配 1`] = `"<div class=\\"ant-back-top\\"></div>"`;
