// Jest Snapshot v1, https://goo.gl/fbAQLP

exports[`ðŸ§ª Dropdown snapshot test snapshot comparing 1`] = `""`;
