// Jest Snapshot v1, https://goo.gl/fbAQLP

exports[`ðŸ§ª Timeline snapshot test snapshot comparing 1`] = `"<ul class=\\"ant-timeline\\"></ul>"`;
