// Jest Snapshot v1, https://goo.gl/fbAQLP

exports[`🧪 Descriptions snapshot test 快照匹配 1`] = `"<div class=\\"ant-descriptions\\"><div class=\\"ant-descriptions-view\\"><table><tbody></tbody></table></div></div>"`;
