// Jest Snapshot v1, https://goo.gl/fbAQLP

exports[`ðŸ§ª Switch snapshot test snapshot comparing 1`] = `"<button type=\\"button\\" role=\\"switch\\" aria-checked=\\"false\\" class=\\"ant-switch\\"><div class=\\"ant-switch-handle\\"></div><span class=\\"ant-switch-inner\\"></span></button>"`;
