// Jest Snapshot v1, https://goo.gl/fbAQLP

exports[`🧪 Alert snapshot test 快照匹配 1`] = `"<div data-show=\\"true\\" class=\\"ant-alert ant-alert-info ant-alert-no-icon\\" role=\\"alert\\"><div class=\\"ant-alert-content\\"><div class=\\"ant-alert-message\\"></div><div class=\\"ant-alert-description\\"></div></div></div>"`;
