// Jest Snapshot v1, https://goo.gl/fbAQLP

exports[`🧪 DarkThemeToggler snapshot test 快照匹配 1`] = `"<span style=\\"background: transparent url(data:image/png;base64,00);\\">1234</span><canvas style=\\"position: absolute; z-index: -999; display: none;\\" width=\\"200\\"></canvas>"`;
