// Jest Snapshot v1, https://goo.gl/fbAQLP

exports[`🧪 Form snapshot test 快照匹配 1`] = `"<form columns=\\"[object Object],[object Object],[object Object]\\" class=\\"ant-form ant-form-horizontal\\"></form>"`;
