// Jest Snapshot v1, https://goo.gl/fbAQLP

exports[`🧪 Col snapshot test 快照匹配 1`] = `"<div class=\\"ant-collapse ant-collapse-icon-position-left\\"></div>"`;
