// Jest Snapshot v1, https://goo.gl/fbAQLP

exports[`ðŸ§ª Progress snapshot test snapshot comparing 1`] = `"<div class=\\"ant-progress ant-progress-line ant-progress-status-normal ant-progress-show-info ant-progress-default\\"><div class=\\"ant-progress-outer\\"><div class=\\"ant-progress-inner\\"><div class=\\"ant-progress-bg\\" style=\\"width: 0%; height: 8px;\\"></div></div></div><span class=\\"ant-progress-text\\" title=\\"0%\\">0%</span></div>"`;
