// Jest Snapshot v1, https://goo.gl/fbAQLP

exports[`ðŸ§ª Carousel snapshot test snapshot comparing 1`] = `"<div class=\\"ant-carousel\\"><div class=\\"slick-slider slick-initialized\\"><div class=\\"slick-list\\"><div class=\\"slick-track\\" style=\\"opacity: 1; transform: translate3d(0px, 0px, 0px);\\"></div></div></div></div>"`;
