// Jest Snapshot v1, https://goo.gl/fbAQLP

exports[`🧪 Tag snapshot test 快照匹配 1`] = `"<span class=\\"ant-tag\\"></span>"`;
